[dotenv@17.3.1] injecting env (13) from .env -- tip: ≡ƒñû agentic secret storage: https://dotenvx.com/as2
------------------------------------------
≡ƒöì Testing connection to: smtp.gmail.com
≡ƒôº Using email: songoku192005@gmail.com
------------------------------------------
ΓÅ│ Verifying SMTP connection...
Γ¥î FAILURE: Could not connect to the email server.
node : 
At line:1 char:1
+ node test-email.js > test_output.txt 
2>&1; cat test_output.txt
+ 
~~~~~~~~~~~~~~~~~~~~~~~~~~~~~~~~~~~~~~~~~
    + CategoryInfo          : NotSpe    
cified: (:String) [], RemoteExce    ption
    + FullyQualifiedErrorId : Native    
CommandError
 
Detailed Error Information:
Error: Invalid login: 535-5.7.8 Username 
and Password not accepted. For more 
information, go to
535 5.7.8  https://support.google.com/mail
/?p=BadCredentials 
d9443c01a7336-2ae83f8baa3sm41801055ad.65 
- gsmtp
    at SMTPConnection._formatError 
(C:\Users\tgowt\Desktop\Examy portal\node_
modules\nodemailer\lib\smtp-connection\ind
ex.js:912:19)
    at SMTPConnection._actionAUTHComplete 
(C:\Users\tgowt\Desktop\Examy portal\node_
modules\nodemailer\lib\smtp-connection\ind
ex.js:1722:34)
    at SMTPConnection.<anonymous> 
(C:\Users\tgowt\Desktop\Examy portal\node_
modules\nodemailer\lib\smtp-connection\ind
ex.js:651:26)
    at SMTPConnection._processResponse 
(C:\Users\tgowt\Desktop\Examy portal\node_
modules\nodemailer\lib\smtp-connection\ind
ex.js:1098:20)
    at SMTPConnection._onData 
(C:\Users\tgowt\Desktop\Examy portal\node_
modules\nodemailer\lib\smtp-connection\ind
ex.js:872:14)
    at SMTPConnection._onSocketData 
(C:\Users\tgowt\Desktop\Examy portal\node_
modules\nodemailer\lib\smtp-connection\ind
ex.js:196:44)
    at TLSSocket.emit (node:events:518:28)
    at addChunk 
(node:internal/streams/readable:561:12)
    at readableAddChunkPushByteMode 
(node:internal/streams/readable:512:3)
    at Readable.push 
(node:internal/streams/readable:392:5) {
  code: 'EAUTH',
  response: '535-5.7.8 Username and 
Password not accepted. For more 
information, go to\n' +
    '535 5.7.8  https://support.google.com
/mail/?p=BadCredentials 
d9443c01a7336-2ae83f8baa3sm41801055ad.65 
- gsmtp',
  responseCode: 535,
  command: 'AUTH PLAIN'
}
------------------------------------------
TIPS:
1. Double check your EMAIL_USER and EMAIL_PASS in .env
2. If using Gmail, make sure you enabled "App Passwords"
3. Ensure your internet connection allows outgoing mail on port 587
